// Jest Snapshot v1, https://goo.gl/fbAQLP

exports[`Testing NavigationComponent.vue Create a snapshot 1`] = `
<nav class="c-nav">
  <ul class="c-nav__list">
    <li class="c-nav__item">
      <router-link-stub to="/" tag="a" ariacurrentvalue="page" event="click" class="c-nav__link c-nav__link--home"> Home </router-link-stub>
    </li>
    <li class="c-nav__item">
      <router-link-stub to="/result" tag="a" ariacurrentvalue="page" event="click" class="c-nav__link c-nav__link--result"> Lottery results </router-link-stub>
    </li>
    <li class="c-nav__item c-nav__item--switch"><img alt="Select your favorite theme" class="img-fluid"></li>
  </ul>
</nav>
`;
